2026-08-25 15:11:29,325 [INFO] ============================================================
2026-08-25 15:11:29,330 [INFO] DATA MIGRATION: kaliphane → khdemo3
2026-08-25 15:11:29,334 [INFO] Started at: 2026-08-25T12:11:29.334250+00:00
2026-08-25 15:11:29,334 [INFO] ============================================================
2026-08-25 15:11:29,431 [INFO] Pre-flight: 54 steel_stock_item records found
2026-08-25 15:11:29,432 [INFO] 
============================================================
2026-08-25 15:11:29,432 [INFO] PHASE 1: DIRECT COPY TABLES
2026-08-25 15:11:29,432 [INFO] ============================================================
2026-08-25 15:11:29,436 [INFO] ────────────────────────────────────────────────────────────
2026-08-25 15:11:29,438 [INFO] Migrating: users (43 rows)
2026-08-25 15:11:29,698 [INFO]   🔄 Sequence users_id_seq reset to 44
2026-08-25 15:11:29,708 [INFO]   ✅ users: 43 rows migrated
2026-08-25 15:11:29,769 [INFO] ────────────────────────────────────────────────────────────
2026-08-25 15:11:29,771 [INFO] Migrating: files (797 rows)
2026-08-25 15:11:31,947 [INFO]   🔄 Sequence files_id_seq reset to 874
2026-08-25 15:11:31,958 [INFO]   ✅ files: 797 rows migrated
2026-08-25 15:11:31,963 [INFO] ────────────────────────────────────────────────────────────
2026-08-25 15:11:31,965 [INFO] Migrating: die_type (16 rows)
2026-08-25 15:11:31,997 [INFO]   🔄 Sequence die_type_id_seq reset to 16
2026-08-25 15:11:31,999 [INFO]   ✅ die_type: 16 rows migrated
2026-08-25 15:11:32,013 [INFO] ────────────────────────────────────────────────────────────
2026-08-25 15:11:32,021 [INFO] Migrating: operation_type (17 rows)
2026-08-25 15:11:32,064 [INFO]   🔄 Sequence operation_type_id_seq reset to 37
2026-08-25 15:11:32,070 [INFO]   ✅ operation_type: 17 rows migrated
2026-08-25 15:11:32,074 [INFO] ────────────────────────────────────────────────────────────
2026-08-25 15:11:32,075 [INFO] Migrating: work_center (28 rows)
2026-08-25 15:11:32,087 [ERROR] ❌ MIGRATION FAILED: (psycopg2.errors.UndefinedColumn) column "location" of relation "work_center" does not exist
LINE 2: ...        INSERT INTO work_center (id, name, status, location,
                                                              ^

[SQL: 
                INSERT INTO work_center (id, name, status, location,
                                         capacity_per_hour, setup_time_minutes,
                                         cost_per_hour, created_at)
                VALUES (%(id)s, %(name)s, %(status)s, %(location)s,
                        %(capacity_per_hour)s, %(setup_time_minutes)s,
                        %(cost_per_hour)s, %(created_at)s)
                ON CONFLICT (id) DO NOTHING
            ]
[parameters: {'id': 29, 'name': 'MAZAK 1 (VCE600)', 'status': 'Busy', 'location': None, 'capacity_per_hour': None, 'setup_time_minutes': None, 'cost_per_hour': None, 'created_at': datetime.datetime(2025, 12, 20, 14, 41, 35, 566498, tzinfo=datetime.timezone(datetime.timedelta(seconds=10800)))}]
(Background on this error at: https://sqlalche.me/e/20/f405)
Traceback (most recent call last):
  File "C:\Users\beyza.ozkara\Desktop\beyza\a-new\die-shop-api\.venv\Lib\site-packages\sqlalchemy\engine\base.py", line 1967, in _exec_single_context
    self.dialect.do_execute(
  File "C:\Users\beyza.ozkara\Desktop\beyza\a-new\die-shop-api\.venv\Lib\site-packages\sqlalchemy\engine\default.py", line 951, in do_execute
    cursor.execute(statement, parameters)
psycopg2.errors.UndefinedColumn: column "location" of relation "work_center" does not exist
LINE 2: ...        INSERT INTO work_center (id, name, status, location,
                                                              ^


The above exception was the direct cause of the following exception:

Traceback (most recent call last):
  File "C:\Users\beyza.ozkara\Desktop\beyza\a-new\die-shop-api\migrate_kaliphane_to_khdemo3.py", line 981, in main
    migrate_work_center(old_s, new_s)
  File "C:\Users\beyza.ozkara\Desktop\beyza\a-new\die-shop-api\migrate_kaliphane_to_khdemo3.py", line 175, in migrate_work_center
    new_s.execute(
  File "C:\Users\beyza.ozkara\Desktop\beyza\a-new\die-shop-api\.venv\Lib\site-packages\sqlalchemy\orm\session.py", line 2351, in execute
    return self._execute_internal(
           ^^^^^^^^^^^^^^^^^^^^^^^
  File "C:\Users\beyza.ozkara\Desktop\beyza\a-new\die-shop-api\.venv\Lib\site-packages\sqlalchemy\orm\session.py", line 2258, in _execute_internal
    result = conn.execute(
             ^^^^^^^^^^^^^
  File "C:\Users\beyza.ozkara\Desktop\beyza\a-new\die-shop-api\.venv\Lib\site-packages\sqlalchemy\engine\base.py", line 1419, in execute
    return meth(
           ^^^^^
  File "C:\Users\beyza.ozkara\Desktop\beyza\a-new\die-shop-api\.venv\Lib\site-packages\sqlalchemy\sql\elements.py", line 526, in _execute_on_connection
    return connection._execute_clauseelement(
           ^^^^^^^^^^^^^^^^^^^^^^^^^^^^^^^^^^
  File "C:\Users\beyza.ozkara\Desktop\beyza\a-new\die-shop-api\.venv\Lib\site-packages\sqlalchemy\engine\base.py", line 1641, in _execute_clauseelement
    ret = self._execute_context(
          ^^^^^^^^^^^^^^^^^^^^^^
  File "C:\Users\beyza.ozkara\Desktop\beyza\a-new\die-shop-api\.venv\Lib\site-packages\sqlalchemy\engine\base.py", line 1846, in _execute_context
    return self._exec_single_context(
           ^^^^^^^^^^^^^^^^^^^^^^^^^^
  File "C:\Users\beyza.ozkara\Desktop\beyza\a-new\die-shop-api\.venv\Lib\site-packages\sqlalchemy\engine\base.py", line 1986, in _exec_single_context
    self._handle_dbapi_exception(
  File "C:\Users\beyza.ozkara\Desktop\beyza\a-new\die-shop-api\.venv\Lib\site-packages\sqlalchemy\engine\base.py", line 2355, in _handle_dbapi_exception
    raise sqlalchemy_exception.with_traceback(exc_info[2]) from e
  File "C:\Users\beyza.ozkara\Desktop\beyza\a-new\die-shop-api\.venv\Lib\site-packages\sqlalchemy\engine\base.py", line 1967, in _exec_single_context
    self.dialect.do_execute(
  File "C:\Users\beyza.ozkara\Desktop\beyza\a-new\die-shop-api\.venv\Lib\site-packages\sqlalchemy\engine\default.py", line 951, in do_execute
    cursor.execute(statement, parameters)
sqlalchemy.exc.ProgrammingError: (psycopg2.errors.UndefinedColumn) column "location" of relation "work_center" does not exist
LINE 2: ...        INSERT INTO work_center (id, name, status, location,
                                                              ^

[SQL: 
                INSERT INTO work_center (id, name, status, location,
                                         capacity_per_hour, setup_time_minutes,
                                         cost_per_hour, created_at)
                VALUES (%(id)s, %(name)s, %(status)s, %(location)s,
                        %(capacity_per_hour)s, %(setup_time_minutes)s,
                        %(cost_per_hour)s, %(created_at)s)
                ON CONFLICT (id) DO NOTHING
            ]
[parameters: {'id': 29, 'name': 'MAZAK 1 (VCE600)', 'status': 'Busy', 'location': None, 'capacity_per_hour': None, 'setup_time_minutes': None, 'cost_per_hour': None, 'created_at': datetime.datetime(2025, 12, 20, 14, 41, 35, 566498, tzinfo=datetime.timezone(datetime.timedelta(seconds=10800)))}]
(Background on this error at: https://sqlalche.me/e/20/f405)
2026-08-25 15:21:21,628 [INFO] ============================================================
2026-08-25 15:21:21,641 [INFO] DATA MIGRATION: kaliphane → khdemo3
2026-08-25 15:21:21,641 [INFO] Started at: 2026-08-25T12:21:21.641508+00:00
2026-08-25 15:21:21,641 [INFO] ============================================================
2026-08-25 15:21:21,711 [INFO] Pre-flight: 54 steel_stock_item records found
2026-08-25 15:21:21,724 [INFO] 
============================================================
2026-08-25 15:21:21,724 [INFO] PHASE 1: DIRECT COPY TABLES
2026-08-25 15:21:21,724 [INFO] ============================================================
2026-08-25 15:21:21,728 [INFO] ============================================================
2026-08-25 15:21:21,728 [INFO] Migrating: users (43 rows)
2026-08-25 15:21:21,980 [INFO]   [SEQ] Sequence users_id_seq reset to 44
2026-08-25 15:21:21,981 [INFO]   [OK] users: 43 rows migrated
2026-08-25 15:21:22,008 [INFO] ============================================================
2026-08-25 15:21:22,012 [INFO] Migrating: files (797 rows)
2026-08-25 15:21:23,513 [INFO]   [SEQ] Sequence files_id_seq reset to 874
2026-08-25 15:21:23,520 [INFO]   [OK] files: 797 rows migrated
2026-08-25 15:21:23,522 [INFO] ============================================================
2026-08-25 15:21:23,523 [INFO] Migrating: die_type (16 rows)
2026-08-25 15:21:23,534 [INFO]   [SEQ] Sequence die_type_id_seq reset to 16
2026-08-25 15:21:23,546 [INFO]   [OK] die_type: 16 rows migrated
2026-08-25 15:21:23,548 [INFO] ============================================================
2026-08-25 15:21:23,548 [INFO] Migrating: operation_type (17 rows)
2026-08-25 15:21:23,577 [INFO]   [SEQ] Sequence operation_type_id_seq reset to 37
2026-08-25 15:21:23,578 [INFO]   [OK] operation_type: 17 rows migrated
2026-08-25 15:21:23,581 [INFO] ============================================================
2026-08-25 15:21:23,581 [INFO] Migrating: work_center (28 rows)
2026-08-25 15:21:23,641 [INFO]   [SEQ] Sequence work_center_id_seq reset to 56
2026-08-25 15:21:23,645 [INFO]   [OK] work_center: 28 rows migrated
2026-08-25 15:21:23,647 [INFO] ============================================================
2026-08-25 15:21:23,648 [INFO] Migrating: component_type (20 rows)
2026-08-25 15:21:23,681 [INFO]   [SEQ] Sequence component_type_id_seq reset to 20
2026-08-25 15:21:23,681 [INFO]   [OK] component_type: 20 rows migrated
2026-08-25 15:21:23,683 [INFO] ============================================================
2026-08-25 15:21:23,683 [INFO] Migrating: supplier (5 rows)
2026-08-25 15:21:23,695 [INFO]   [SEQ] Sequence supplier_id_seq reset to 7
2026-08-25 15:21:23,708 [INFO]   [OK] supplier: 5 rows migrated
2026-08-25 15:21:23,710 [INFO] ============================================================
2026-08-25 15:21:23,710 [INFO] Migrating: operator (19 rows)
2026-08-25 15:21:23,740 [INFO]   [SEQ] Sequence operator_id_seq reset to 20
2026-08-25 15:21:23,743 [INFO]   [OK] operator: 19 rows migrated
2026-08-25 15:21:26,852 [INFO] ============================================================
2026-08-25 15:21:26,866 [INFO] Migrating: domain_action_log (24056 rows)
2026-08-25 15:21:26,867 [ERROR] [FAILED] MIGRATION FAILED: (psycopg2.ProgrammingError) can't adapt type 'dict'
[SQL: 
                INSERT INTO domain_action_log (id, action_type, actor_type, actor_id,
                                               entity_type, entity_id, reason, notes,
                                               before_snapshot, after_snapshot,
                                               meta_data, created_at)
                VALUES (%(id)s, %(action_type)s, %(actor_type)s, %(actor_id)s,
                        %(entity_type)s, %(entity_id)s, %(reason)s, %(notes)s,
                        %(before_snapshot)s, %(after_snapshot)s,
                        %(meta_data)s, %(created_at)s)
                ON CONFLICT (id) DO NOTHING
            ]
[parameters: {'id': 1, 'action_type': 'OPERATION_START', 'actor_type': 'operator', 'actor_id': 7, 'entity_type': 'work_order_operation', 'entity_id': 3520, 'reason': None, 'notes': None, 'before_snapshot': {'id': 3520, 'status': 'Waiting', 'started_at': None, 'completed_at': None, 'operator_name': None, 'work_center_id': None}, 'after_snapshot': {'id': 3520, 'status': 'InProgress', 'started_at': '2026-03-10T11:03:53.213828+00:00', 'completed_at': None, 'operator_name': None, 'work_center_id': 54}, 'meta_data': {'operator_rfid': '0000541422', 'work_center_id': 54, 'work_center_name': 'DENEME'}, 'created_at': datetime.datetime(2026, 3, 10, 14, 3, 53, 215360, tzinfo=datetime.timezone(datetime.timedelta(seconds=10800)))}]
(Background on this error at: https://sqlalche.me/e/20/f405)
Traceback (most recent call last):
  File "C:\Users\beyza.ozkara\Desktop\beyza\a-new\die-shop-api\.venv\Lib\site-packages\sqlalchemy\engine\base.py", line 1967, in _exec_single_context
    self.dialect.do_execute(
  File "C:\Users\beyza.ozkara\Desktop\beyza\a-new\die-shop-api\.venv\Lib\site-packages\sqlalchemy\engine\default.py", line 951, in do_execute
    cursor.execute(statement, parameters)
psycopg2.ProgrammingError: can't adapt type 'dict'

The above exception was the direct cause of the following exception:

Traceback (most recent call last):
  File "C:\Users\beyza.ozkara\Desktop\beyza\a-new\die-shop-api\migrate_kaliphane_to_khdemo3.py", line 999, in main
    migrate_domain_action_log(old_s, new_s)
  File "C:\Users\beyza.ozkara\Desktop\beyza\a-new\die-shop-api\migrate_kaliphane_to_khdemo3.py", line 269, in migrate_domain_action_log
    new_s.execute(
  File "C:\Users\beyza.ozkara\Desktop\beyza\a-new\die-shop-api\.venv\Lib\site-packages\sqlalchemy\orm\session.py", line 2351, in execute
    return self._execute_internal(
           ^^^^^^^^^^^^^^^^^^^^^^^
  File "C:\Users\beyza.ozkara\Desktop\beyza\a-new\die-shop-api\.venv\Lib\site-packages\sqlalchemy\orm\session.py", line 2258, in _execute_internal
    result = conn.execute(
             ^^^^^^^^^^^^^
  File "C:\Users\beyza.ozkara\Desktop\beyza\a-new\die-shop-api\.venv\Lib\site-packages\sqlalchemy\engine\base.py", line 1419, in execute
    return meth(
           ^^^^^
  File "C:\Users\beyza.ozkara\Desktop\beyza\a-new\die-shop-api\.venv\Lib\site-packages\sqlalchemy\sql\elements.py", line 526, in _execute_on_connection
    return connection._execute_clauseelement(
           ^^^^^^^^^^^^^^^^^^^^^^^^^^^^^^^^^^
  File "C:\Users\beyza.ozkara\Desktop\beyza\a-new\die-shop-api\.venv\Lib\site-packages\sqlalchemy\engine\base.py", line 1641, in _execute_clauseelement
    ret = self._execute_context(
          ^^^^^^^^^^^^^^^^^^^^^^
  File "C:\Users\beyza.ozkara\Desktop\beyza\a-new\die-shop-api\.venv\Lib\site-packages\sqlalchemy\engine\base.py", line 1846, in _execute_context
    return self._exec_single_context(
           ^^^^^^^^^^^^^^^^^^^^^^^^^^
  File "C:\Users\beyza.ozkara\Desktop\beyza\a-new\die-shop-api\.venv\Lib\site-packages\sqlalchemy\engine\base.py", line 1986, in _exec_single_context
    self._handle_dbapi_exception(
  File "C:\Users\beyza.ozkara\Desktop\beyza\a-new\die-shop-api\.venv\Lib\site-packages\sqlalchemy\engine\base.py", line 2355, in _handle_dbapi_exception
    raise sqlalchemy_exception.with_traceback(exc_info[2]) from e
  File "C:\Users\beyza.ozkara\Desktop\beyza\a-new\die-shop-api\.venv\Lib\site-packages\sqlalchemy\engine\base.py", line 1967, in _exec_single_context
    self.dialect.do_execute(
  File "C:\Users\beyza.ozkara\Desktop\beyza\a-new\die-shop-api\.venv\Lib\site-packages\sqlalchemy\engine\default.py", line 951, in do_execute
    cursor.execute(statement, parameters)
sqlalchemy.exc.ProgrammingError: (psycopg2.ProgrammingError) can't adapt type 'dict'
[SQL: 
                INSERT INTO domain_action_log (id, action_type, actor_type, actor_id,
                                               entity_type, entity_id, reason, notes,
                                               before_snapshot, after_snapshot,
                                               meta_data, created_at)
                VALUES (%(id)s, %(action_type)s, %(actor_type)s, %(actor_id)s,
                        %(entity_type)s, %(entity_id)s, %(reason)s, %(notes)s,
                        %(before_snapshot)s, %(after_snapshot)s,
                        %(meta_data)s, %(created_at)s)
                ON CONFLICT (id) DO NOTHING
            ]
[parameters: {'id': 1, 'action_type': 'OPERATION_START', 'actor_type': 'operator', 'actor_id': 7, 'entity_type': 'work_order_operation', 'entity_id': 3520, 'reason': None, 'notes': None, 'before_snapshot': {'id': 3520, 'status': 'Waiting', 'started_at': None, 'completed_at': None, 'operator_name': None, 'work_center_id': None}, 'after_snapshot': {'id': 3520, 'status': 'InProgress', 'started_at': '2026-03-10T11:03:53.213828+00:00', 'completed_at': None, 'operator_name': None, 'work_center_id': 54}, 'meta_data': {'operator_rfid': '0000541422', 'work_center_id': 54, 'work_center_name': 'DENEME'}, 'created_at': datetime.datetime(2026, 3, 10, 14, 3, 53, 215360, tzinfo=datetime.timezone(datetime.timedelta(seconds=10800)))}]
(Background on this error at: https://sqlalche.me/e/20/f405)
2026-08-25 15:32:10,164 [INFO] ============================================================
2026-08-25 15:32:10,165 [INFO] DATA MIGRATION: kaliphane → khdemo3
2026-08-25 15:32:10,165 [INFO] Started at: 2026-08-25T12:32:10.165208+00:00
2026-08-25 15:32:10,165 [INFO] ============================================================
2026-08-25 15:32:10,263 [INFO] Pre-flight: 54 steel_stock_item records found
2026-08-25 15:32:10,277 [INFO] 
============================================================
2026-08-25 15:32:10,277 [INFO] PHASE 1: DIRECT COPY TABLES
2026-08-25 15:32:10,277 [INFO] ============================================================
2026-08-25 15:32:10,283 [INFO] ============================================================
2026-08-25 15:32:10,283 [INFO] Migrating: users (43 rows)
2026-08-25 15:32:10,483 [INFO]   [SEQ] Sequence users_id_seq reset to 44
2026-08-25 15:32:10,486 [INFO]   [OK] users: 43 rows migrated
2026-08-25 15:32:10,520 [INFO] ============================================================
2026-08-25 15:32:10,530 [INFO] Migrating: files (797 rows)
2026-08-25 15:32:11,959 [INFO]   [SEQ] Sequence files_id_seq reset to 874
2026-08-25 15:32:11,963 [INFO]   [OK] files: 797 rows migrated
2026-08-25 15:32:11,975 [INFO] ============================================================
2026-08-25 15:32:11,977 [INFO] Migrating: die_type (16 rows)
2026-08-25 15:32:12,004 [INFO]   [SEQ] Sequence die_type_id_seq reset to 16
2026-08-25 15:32:12,004 [INFO]   [OK] die_type: 16 rows migrated
2026-08-25 15:32:12,006 [INFO] ============================================================
2026-08-25 15:32:12,006 [INFO] Migrating: operation_type (17 rows)
2026-08-25 15:32:12,018 [INFO]   [SEQ] Sequence operation_type_id_seq reset to 37
2026-08-25 15:32:12,031 [INFO]   [OK] operation_type: 17 rows migrated
2026-08-25 15:32:12,034 [INFO] ============================================================
2026-08-25 15:32:12,034 [INFO] Migrating: work_center (28 rows)
2026-08-25 15:32:12,079 [INFO]   [SEQ] Sequence work_center_id_seq reset to 56
2026-08-25 15:32:12,094 [INFO]   [OK] work_center: 28 rows migrated
2026-08-25 15:32:12,096 [INFO] ============================================================
2026-08-25 15:32:12,096 [INFO] Migrating: component_type (20 rows)
2026-08-25 15:32:12,123 [INFO]   [SEQ] Sequence component_type_id_seq reset to 20
2026-08-25 15:32:12,126 [INFO]   [OK] component_type: 20 rows migrated
2026-08-25 15:32:12,128 [INFO] ============================================================
2026-08-25 15:32:12,128 [INFO] Migrating: supplier (5 rows)
2026-08-25 15:32:12,145 [INFO]   [SEQ] Sequence supplier_id_seq reset to 7
2026-08-25 15:32:12,146 [INFO]   [OK] supplier: 5 rows migrated
2026-08-25 15:32:12,158 [INFO] ============================================================
2026-08-25 15:32:12,164 [INFO] Migrating: operator (19 rows)
2026-08-25 15:32:12,207 [INFO]   [SEQ] Sequence operator_id_seq reset to 20
2026-08-25 15:32:12,210 [INFO]   [OK] operator: 19 rows migrated
2026-08-25 15:32:16,179 [INFO] ============================================================
2026-08-25 15:32:16,190 [INFO] Migrating: domain_action_log (24057 rows)
2026-08-25 15:33:04,484 [INFO]   [SEQ] Sequence domain_action_log_id_seq reset to 24073
2026-08-25 15:33:04,492 [INFO]   [OK] domain_action_log: 24057 rows migrated
2026-08-25 15:33:04,522 [INFO] ============================================================
2026-08-25 15:33:04,522 [INFO] Migrating: operator_work_center (260 rows)
2026-08-25 15:33:04,890 [INFO]   [OK] operator_work_center: 260 rows migrated
2026-08-25 15:33:04,898 [INFO] ============================================================
2026-08-25 15:33:04,898 [INFO] Migrating: work_center_operation_type (28 rows)
2026-08-25 15:33:04,951 [INFO]   [OK] work_center_operation_type: 28 rows migrated
2026-08-25 15:33:04,958 [INFO] ============================================================
2026-08-25 15:33:04,958 [INFO] Migrating: die_type_component (24 rows)
2026-08-25 15:33:05,001 [INFO]   [SEQ] Sequence die_type_component_id_seq reset to 29
2026-08-25 15:33:05,017 [INFO]   [OK] die_type_component: 24 rows migrated
2026-08-25 15:33:05,028 [INFO] ============================================================
2026-08-25 15:33:05,035 [INFO] Migrating: component_bom (149 rows)
2026-08-25 15:33:05,268 [INFO]   [SEQ] Sequence component_bom_id_seq reset to 165
2026-08-25 15:33:05,278 [INFO]   [OK] component_bom: 149 rows migrated
2026-08-25 15:33:05,333 [INFO] ============================================================
2026-08-25 15:33:05,333 [INFO] Migrating: die (771 rows)
2026-08-25 15:33:06,793 [INFO]   [SEQ] Sequence die_id_seq reset to 839
2026-08-25 15:33:06,806 [INFO]   [OK] die: 771 rows migrated
2026-08-25 15:33:06,848 [INFO] ============================================================
2026-08-25 15:33:06,853 [INFO] Migrating: production_order (599 rows)
2026-08-25 15:33:07,887 [INFO]   [SEQ] Sequence production_order_id_seq reset to 838
2026-08-25 15:33:07,887 [INFO]   [OK] production_order: 599 rows migrated
2026-08-25 15:33:07,887 [INFO] 
============================================================
2026-08-25 15:33:07,887 [INFO] PHASE 2: SEED / DERIVE NEW TABLES
2026-08-25 15:33:07,887 [INFO] ============================================================
2026-08-25 15:33:07,887 [INFO] ============================================================
2026-08-25 15:33:07,887 [INFO] Migrating: item_category (0 rows)
2026-08-25 15:33:07,887 [INFO]   Seeding: 'Sıcak İş Takım Çeliği'
2026-08-25 15:33:07,890 [ERROR] [FAILED] MIGRATION FAILED: (psycopg2.errors.SyntaxError) syntax error at or near ":"
LINE 3: ...     VALUES ('Sıcak İş Takım Çeliği', 'kg', true, :attribute...
                                                             ^

[SQL: 
            INSERT INTO item_category (name, base_uom, is_cuttable, attributes_schema, created_at)
            VALUES (%(name)s, %(base_uom)s, %(is_cuttable)s, :attributes_schema::jsonb, %(created_at)s)
            ON CONFLICT (name) DO NOTHING
        ]
[parameters: {'name': 'Sıcak İş Takım Çeliği', 'base_uom': 'kg', 'is_cuttable': True, 'created_at': datetime.datetime(2026, 8, 25, 12, 33, 7, 887793, tzinfo=datetime.timezone.utc)}]
(Background on this error at: https://sqlalche.me/e/20/f405)
Traceback (most recent call last):
  File "C:\Users\beyza.ozkara\Desktop\beyza\a-new\die-shop-api\.venv\Lib\site-packages\sqlalchemy\engine\base.py", line 1967, in _exec_single_context
    self.dialect.do_execute(
  File "C:\Users\beyza.ozkara\Desktop\beyza\a-new\die-shop-api\.venv\Lib\site-packages\sqlalchemy\engine\default.py", line 951, in do_execute
    cursor.execute(statement, parameters)
psycopg2.errors.SyntaxError: syntax error at or near ":"
LINE 3: ...     VALUES ('Sıcak İş Takım Çeliği', 'kg', true, :attribute...
                                                             ^


The above exception was the direct cause of the following exception:

Traceback (most recent call last):
  File "C:\Users\beyza.ozkara\Desktop\beyza\a-new\die-shop-api\migrate_kaliphane_to_khdemo3.py", line 1017, in main
    category_id = seed_item_category(new_s)
                  ^^^^^^^^^^^^^^^^^^^^^^^^^
  File "C:\Users\beyza.ozkara\Desktop\beyza\a-new\die-shop-api\migrate_kaliphane_to_khdemo3.py", line 424, in seed_item_category
    new_s.execute(
  File "C:\Users\beyza.ozkara\Desktop\beyza\a-new\die-shop-api\.venv\Lib\site-packages\sqlalchemy\orm\session.py", line 2351, in execute
    return self._execute_internal(
           ^^^^^^^^^^^^^^^^^^^^^^^
  File "C:\Users\beyza.ozkara\Desktop\beyza\a-new\die-shop-api\.venv\Lib\site-packages\sqlalchemy\orm\session.py", line 2258, in _execute_internal
    result = conn.execute(
             ^^^^^^^^^^^^^
  File "C:\Users\beyza.ozkara\Desktop\beyza\a-new\die-shop-api\.venv\Lib\site-packages\sqlalchemy\engine\base.py", line 1419, in execute
    return meth(
           ^^^^^
  File "C:\Users\beyza.ozkara\Desktop\beyza\a-new\die-shop-api\.venv\Lib\site-packages\sqlalchemy\sql\elements.py", line 526, in _execute_on_connection
    return connection._execute_clauseelement(
           ^^^^^^^^^^^^^^^^^^^^^^^^^^^^^^^^^^
  File "C:\Users\beyza.ozkara\Desktop\beyza\a-new\die-shop-api\.venv\Lib\site-packages\sqlalchemy\engine\base.py", line 1641, in _execute_clauseelement
    ret = self._execute_context(
          ^^^^^^^^^^^^^^^^^^^^^^
  File "C:\Users\beyza.ozkara\Desktop\beyza\a-new\die-shop-api\.venv\Lib\site-packages\sqlalchemy\engine\base.py", line 1846, in _execute_context
    return self._exec_single_context(
           ^^^^^^^^^^^^^^^^^^^^^^^^^^
  File "C:\Users\beyza.ozkara\Desktop\beyza\a-new\die-shop-api\.venv\Lib\site-packages\sqlalchemy\engine\base.py", line 1986, in _exec_single_context
    self._handle_dbapi_exception(
  File "C:\Users\beyza.ozkara\Desktop\beyza\a-new\die-shop-api\.venv\Lib\site-packages\sqlalchemy\engine\base.py", line 2355, in _handle_dbapi_exception
    raise sqlalchemy_exception.with_traceback(exc_info[2]) from e
  File "C:\Users\beyza.ozkara\Desktop\beyza\a-new\die-shop-api\.venv\Lib\site-packages\sqlalchemy\engine\base.py", line 1967, in _exec_single_context
    self.dialect.do_execute(
  File "C:\Users\beyza.ozkara\Desktop\beyza\a-new\die-shop-api\.venv\Lib\site-packages\sqlalchemy\engine\default.py", line 951, in do_execute
    cursor.execute(statement, parameters)
sqlalchemy.exc.ProgrammingError: (psycopg2.errors.SyntaxError) syntax error at or near ":"
LINE 3: ...     VALUES ('Sıcak İş Takım Çeliği', 'kg', true, :attribute...
                                                             ^

[SQL: 
            INSERT INTO item_category (name, base_uom, is_cuttable, attributes_schema, created_at)
            VALUES (%(name)s, %(base_uom)s, %(is_cuttable)s, :attributes_schema::jsonb, %(created_at)s)
            ON CONFLICT (name) DO NOTHING
        ]
[parameters: {'name': 'Sıcak İş Takım Çeliği', 'base_uom': 'kg', 'is_cuttable': True, 'created_at': datetime.datetime(2026, 8, 25, 12, 33, 7, 887793, tzinfo=datetime.timezone.utc)}]
(Background on this error at: https://sqlalche.me/e/20/f405)
2026-08-25 15:41:51,788 [INFO] ============================================================
2026-08-25 15:41:51,798 [INFO] DATA MIGRATION: kaliphane → khdemo3
2026-08-25 15:41:51,798 [INFO] Started at: 2026-08-25T12:41:51.798153+00:00
2026-08-25 15:41:51,798 [INFO] ============================================================
2026-08-25 15:41:51,869 [INFO] Pre-flight: 54 steel_stock_item records found
2026-08-25 15:41:51,869 [INFO] 
============================================================
2026-08-25 15:41:51,869 [INFO] PHASE 1: DIRECT COPY TABLES
2026-08-25 15:41:51,869 [INFO] ============================================================
2026-08-25 15:41:51,876 [INFO] ============================================================
2026-08-25 15:41:51,876 [INFO] Migrating: users (43 rows)
2026-08-25 15:41:52,003 [INFO]   [SEQ] Sequence users_id_seq reset to 44
2026-08-25 15:41:52,003 [INFO]   [OK] users: 43 rows migrated
2026-08-25 15:41:52,042 [INFO] ============================================================
2026-08-25 15:41:52,047 [INFO] Migrating: files (797 rows)
2026-08-25 15:41:53,402 [INFO]   [SEQ] Sequence files_id_seq reset to 874
2026-08-25 15:41:53,409 [INFO]   [OK] files: 797 rows migrated
2026-08-25 15:41:53,411 [INFO] ============================================================
2026-08-25 15:41:53,411 [INFO] Migrating: die_type (16 rows)
2026-08-25 15:41:53,437 [INFO]   [SEQ] Sequence die_type_id_seq reset to 16
2026-08-25 15:41:53,438 [INFO]   [OK] die_type: 16 rows migrated
2026-08-25 15:41:53,441 [INFO] ============================================================
2026-08-25 15:41:53,441 [INFO] Migrating: operation_type (17 rows)
2026-08-25 15:41:53,483 [INFO]   [SEQ] Sequence operation_type_id_seq reset to 37
2026-08-25 15:41:53,484 [INFO]   [OK] operation_type: 17 rows migrated
2026-08-25 15:41:53,488 [INFO] ============================================================
2026-08-25 15:41:53,488 [INFO] Migrating: work_center (28 rows)
2026-08-25 15:41:53,527 [INFO]   [SEQ] Sequence work_center_id_seq reset to 56
2026-08-25 15:41:53,530 [INFO]   [OK] work_center: 28 rows migrated
2026-08-25 15:41:53,533 [INFO] ============================================================
2026-08-25 15:41:53,533 [INFO] Migrating: component_type (20 rows)
2026-08-25 15:41:53,576 [INFO]   [SEQ] Sequence component_type_id_seq reset to 20
2026-08-25 15:41:53,583 [INFO]   [OK] component_type: 20 rows migrated
2026-08-25 15:41:53,585 [INFO] ============================================================
2026-08-25 15:41:53,586 [INFO] Migrating: supplier (5 rows)
2026-08-25 15:41:53,596 [INFO]   [SEQ] Sequence supplier_id_seq reset to 7
2026-08-25 15:41:53,597 [INFO]   [OK] supplier: 5 rows migrated
2026-08-25 15:41:53,599 [INFO] ============================================================
2026-08-25 15:41:53,599 [INFO] Migrating: operator (19 rows)
2026-08-25 15:41:53,623 [INFO]   [SEQ] Sequence operator_id_seq reset to 20
2026-08-25 15:41:53,627 [INFO]   [OK] operator: 19 rows migrated
2026-08-25 15:41:56,417 [INFO] ============================================================
2026-08-25 15:41:56,425 [INFO] Migrating: domain_action_log (24057 rows)
2026-08-25 15:42:44,840 [INFO]   [SEQ] Sequence domain_action_log_id_seq reset to 24073
2026-08-25 15:42:44,848 [INFO]   [OK] domain_action_log: 24057 rows migrated
2026-08-25 15:42:44,879 [INFO] ============================================================
2026-08-25 15:42:44,879 [INFO] Migrating: operator_work_center (260 rows)
2026-08-25 15:42:45,251 [INFO]   [OK] operator_work_center: 260 rows migrated
2026-08-25 15:42:45,266 [INFO] ============================================================
2026-08-25 15:42:45,266 [INFO] Migrating: work_center_operation_type (28 rows)
2026-08-25 15:42:45,304 [INFO]   [OK] work_center_operation_type: 28 rows migrated
2026-08-25 15:42:45,309 [INFO] ============================================================
2026-08-25 15:42:45,309 [INFO] Migrating: die_type_component (24 rows)
2026-08-25 15:42:45,356 [INFO]   [SEQ] Sequence die_type_component_id_seq reset to 29
2026-08-25 15:42:45,371 [INFO]   [OK] die_type_component: 24 rows migrated
2026-08-25 15:42:45,403 [INFO] ============================================================
2026-08-25 15:42:45,408 [INFO] Migrating: component_bom (149 rows)
2026-08-25 15:42:45,675 [INFO]   [SEQ] Sequence component_bom_id_seq reset to 165
2026-08-25 15:42:45,681 [INFO]   [OK] component_bom: 149 rows migrated
2026-08-25 15:42:45,716 [INFO] ============================================================
2026-08-25 15:42:45,724 [INFO] Migrating: die (771 rows)
2026-08-25 15:42:47,068 [INFO]   [SEQ] Sequence die_id_seq reset to 839
2026-08-25 15:42:47,072 [INFO]   [OK] die: 771 rows migrated
2026-08-25 15:42:47,107 [INFO] ============================================================
2026-08-25 15:42:47,109 [INFO] Migrating: production_order (599 rows)
2026-08-25 15:42:48,187 [INFO]   [SEQ] Sequence production_order_id_seq reset to 838
2026-08-25 15:42:48,194 [INFO]   [OK] production_order: 599 rows migrated
2026-08-25 15:42:48,194 [INFO] 
============================================================
2026-08-25 15:42:48,194 [INFO] PHASE 2: SEED / DERIVE NEW TABLES
2026-08-25 15:42:48,194 [INFO] ============================================================
2026-08-25 15:42:48,194 [INFO] ============================================================
2026-08-25 15:42:48,195 [INFO] Migrating: item_category (0 rows)
2026-08-25 15:42:48,195 [INFO]   Seeding: 'Sıcak İş Takım Çeliği'
2026-08-25 15:42:48,221 [INFO]   [SEQ] Sequence item_category_id_seq reset to 1
2026-08-25 15:42:48,221 [INFO]   ✅ item_category seeded (id=1)
2026-08-25 15:42:48,224 [INFO] ============================================================
2026-08-25 15:42:48,225 [INFO] Migrating: material_grade (6 rows)
2026-08-25 15:42:48,237 [INFO]   [SEQ] Sequence material_grade_id_seq reset to 6
2026-08-25 15:42:48,243 [INFO]   [OK] material_grade: 6 rows migrated
2026-08-25 15:42:48,244 [INFO] ============================================================
2026-08-25 15:42:48,244 [INFO] Migrating: location (0 rows)
2026-08-25 15:42:48,255 [INFO]   [OK] location: 0 rows migrated
2026-08-25 15:42:48,255 [INFO] 
============================================================
2026-08-25 15:42:48,255 [INFO] PHASE 3: TRANSFORMED TABLES
2026-08-25 15:42:48,256 [INFO] ============================================================
2026-08-25 15:42:48,262 [INFO] ============================================================
2026-08-25 15:42:48,263 [INFO] Migrating: lot (48 rows)
2026-08-25 15:42:48,377 [INFO]   [SEQ] Sequence lot_id_seq reset to 58
2026-08-25 15:42:48,386 [INFO]   [OK] lot: 48 rows migrated
2026-08-25 15:42:48,386 [INFO] ============================================================
2026-08-25 15:42:48,386 [INFO] Migrating: stock_item (54 rows)
2026-08-25 15:42:48,703 [INFO]   [SEQ] Sequence stock_item_id_seq reset to 70
2026-08-25 15:42:48,711 [INFO]   [OK] stock_item: 54 rows migrated
2026-08-25 15:42:48,711 [INFO]   📋 Steel→Stock mapping: 54 entries
2026-08-25 15:42:48,760 [INFO] ============================================================
2026-08-25 15:42:48,763 [INFO] Migrating: die_component (1468 rows)
2026-08-25 15:42:51,314 [INFO]   [SEQ] Sequence die_component_id_seq reset to 1579
2026-08-25 15:42:51,327 [INFO]   [OK] die_component: 1468 rows migrated
2026-08-25 15:42:51,376 [INFO] ============================================================
2026-08-25 15:42:51,377 [INFO] Migrating: work_order (1127 rows)
2026-08-25 15:42:53,760 [INFO]   [SEQ] Sequence work_order_id_seq reset to 1453
2026-08-25 15:42:53,773 [INFO]   [OK] work_order: 1127 rows migrated
2026-08-25 15:42:54,366 [INFO] ============================================================
2026-08-25 15:42:54,370 [INFO] Migrating: work_order_operation (13421 rows)
2026-08-25 15:43:21,529 [INFO]   [SEQ] Sequence work_order_operation_id_seq reset to 17076
2026-08-25 15:43:21,529 [INFO]   [OK] work_order_operation: 13421 rows migrated
2026-08-25 15:43:21,655 [INFO] ============================================================
2026-08-25 15:43:21,655 [INFO] Migrating: stock_transaction (1103 rows)
2026-08-25 15:43:24,162 [INFO]   [SEQ] Sequence stock_transaction_id_seq reset to 1103
2026-08-25 15:43:24,166 [INFO]   ✅ stock_transaction: 1103 migrated, 0 skipped
2026-08-25 15:43:24,166 [INFO] ============================================================
2026-08-25 15:43:24,166 [INFO] VERIFICATION
2026-08-25 15:43:24,166 [INFO] ============================================================
2026-08-25 15:43:24,170 [INFO]   ✅ users: old=43, new=43
2026-08-25 15:43:24,173 [INFO]   ✅ files: old=797, new=797
2026-08-25 15:43:24,176 [INFO]   ✅ die_type: old=16, new=16
2026-08-25 15:43:24,180 [INFO]   ✅ operation_type: old=17, new=17
2026-08-25 15:43:24,183 [INFO]   ✅ work_center: old=28, new=28
2026-08-25 15:43:24,188 [INFO]   ✅ component_type: old=20, new=20
2026-08-25 15:43:24,191 [INFO]   ✅ supplier: old=5, new=5
2026-08-25 15:43:24,194 [INFO]   ✅ operator: old=19, new=19
2026-08-25 15:43:24,221 [INFO]   ✅ domain_action_log: old=24057, new=24057
2026-08-25 15:43:24,238 [INFO]   ✅ die_type_component: old=24, new=24
2026-08-25 15:43:24,243 [INFO]   ✅ component_bom: old=149, new=149
2026-08-25 15:43:24,248 [INFO]   ✅ die: old=771, new=771
2026-08-25 15:43:24,251 [INFO]   ✅ production_order: old=599, new=599
2026-08-25 15:43:24,256 [INFO]   ✅ work_order: old=1127, new=1127
2026-08-25 15:43:24,263 [INFO]   ✅ work_order_operation: old=13421, new=13421
2026-08-25 15:43:24,267 [INFO]   📊 item_category: 1 rows
2026-08-25 15:43:24,269 [INFO]   📊 material_grade: 6 rows
2026-08-25 15:43:24,270 [INFO]   📊 location: 0 rows
2026-08-25 15:43:24,273 [INFO]   📊 lot: 48 rows
2026-08-25 15:43:24,274 [INFO]   📊 stock_item: 70 rows
2026-08-25 15:43:24,276 [INFO]   📊 stock_transaction: 1103 rows
2026-08-25 15:43:24,281 [INFO]   📊 die_component: 1468 rows
2026-08-25 15:43:24,283 [INFO]   ✅ die_component FK integrity: 0 orphaned stock_item_ids
2026-08-25 15:43:24,284 [INFO]   🎉 All verification checks PASSED!
2026-08-25 15:43:24,284 [INFO] 
============================================================
2026-08-25 15:43:24,284 [INFO] MIGRATION COMPLETED at 2026-08-25T12:43:24.284069+00:00
2026-08-25 15:43:24,284 [INFO] ============================================================
2026-08-25 16:00:31,343 [INFO] ============================================================
2026-08-25 16:00:31,361 [INFO] DATA MIGRATION: kaliphane → khdemo3
2026-08-25 16:00:31,361 [INFO] Started at: 2026-08-25T13:00:31.361739+00:00
2026-08-25 16:00:31,362 [INFO] ============================================================
2026-08-25 16:00:31,416 [INFO] Pre-flight: 54 steel_stock_item records found
2026-08-25 16:00:31,424 [INFO] 
============================================================
2026-08-25 16:00:31,424 [INFO] PHASE 1: DIRECT COPY TABLES
2026-08-25 16:00:31,424 [INFO] ============================================================
2026-08-25 16:00:31,428 [INFO] ============================================================
2026-08-25 16:00:31,428 [INFO] Migrating: users (43 rows)
2026-08-25 16:00:31,537 [INFO]   [SEQ] Sequence users_id_seq reset to 44
2026-08-25 16:00:31,537 [INFO]   [OK] users: 43 rows migrated
2026-08-25 16:00:31,580 [INFO] ============================================================
2026-08-25 16:00:31,580 [INFO] Migrating: files (797 rows)
2026-08-25 16:00:33,141 [INFO]   [SEQ] Sequence files_id_seq reset to 874
2026-08-25 16:00:33,143 [INFO]   [OK] files: 797 rows migrated
2026-08-25 16:00:33,145 [INFO] ============================================================
2026-08-25 16:00:33,145 [INFO] Migrating: die_type (16 rows)
2026-08-25 16:00:33,169 [INFO]   [SEQ] Sequence die_type_id_seq reset to 16
2026-08-25 16:00:33,169 [INFO]   [OK] die_type: 16 rows migrated
2026-08-25 16:00:33,172 [INFO] ============================================================
2026-08-25 16:00:33,172 [INFO] Migrating: operation_type (17 rows)
2026-08-25 16:00:33,197 [INFO]   [SEQ] Sequence operation_type_id_seq reset to 37
2026-08-25 16:00:33,198 [INFO]   [OK] operation_type: 17 rows migrated
2026-08-25 16:00:33,214 [INFO] ============================================================
2026-08-25 16:00:33,214 [INFO] Migrating: work_center (28 rows)
2026-08-25 16:00:33,257 [INFO]   [SEQ] Sequence work_center_id_seq reset to 56
2026-08-25 16:00:33,257 [INFO]   [OK] work_center: 28 rows migrated
2026-08-25 16:00:33,264 [INFO] ============================================================
2026-08-25 16:00:33,264 [INFO] Migrating: component_type (20 rows)
2026-08-25 16:00:33,292 [INFO]   [SEQ] Sequence component_type_id_seq reset to 20
2026-08-25 16:00:33,292 [INFO]   [OK] component_type: 20 rows migrated
2026-08-25 16:00:33,298 [INFO] ============================================================
2026-08-25 16:00:33,298 [INFO] Migrating: supplier (5 rows)
2026-08-25 16:00:33,325 [INFO]   [SEQ] Sequence supplier_id_seq reset to 7
2026-08-25 16:00:33,325 [INFO]   [OK] supplier: 5 rows migrated
2026-08-25 16:00:33,328 [INFO] ============================================================
2026-08-25 16:00:33,328 [INFO] Migrating: operator (19 rows)
2026-08-25 16:00:33,342 [INFO]   [SEQ] Sequence operator_id_seq reset to 20
2026-08-25 16:00:33,357 [INFO]   [OK] operator: 19 rows migrated
2026-08-25 16:00:36,038 [INFO] ============================================================
2026-08-25 16:00:36,038 [INFO] Migrating: domain_action_log (24063 rows)
2026-08-25 16:01:26,429 [INFO]   [SEQ] Sequence domain_action_log_id_seq reset to 24079
2026-08-25 16:01:26,433 [INFO]   [OK] domain_action_log: 24063 rows migrated
2026-08-25 16:01:26,456 [INFO] ============================================================
2026-08-25 16:01:26,464 [INFO] Migrating: operator_work_center (260 rows)
2026-08-25 16:01:26,808 [INFO]   [OK] operator_work_center: 260 rows migrated
2026-08-25 16:01:26,816 [INFO] ============================================================
2026-08-25 16:01:26,816 [INFO] Migrating: work_center_operation_type (28 rows)
2026-08-25 16:01:26,868 [INFO]   [OK] work_center_operation_type: 28 rows migrated
2026-08-25 16:01:26,870 [INFO] ============================================================
2026-08-25 16:01:26,870 [INFO] Migrating: die_type_component (24 rows)
2026-08-25 16:01:26,906 [INFO]   [SEQ] Sequence die_type_component_id_seq reset to 29
2026-08-25 16:01:26,907 [INFO]   [OK] die_type_component: 24 rows migrated
2026-08-25 16:01:26,913 [INFO] ============================================================
2026-08-25 16:01:26,913 [INFO] Migrating: component_bom (149 rows)
2026-08-25 16:01:27,150 [INFO]   [SEQ] Sequence component_bom_id_seq reset to 165
2026-08-25 16:01:27,157 [INFO]   [OK] component_bom: 149 rows migrated
2026-08-25 16:01:27,196 [INFO] ============================================================
2026-08-25 16:01:27,197 [INFO] Migrating: die (771 rows)
2026-08-25 16:01:28,659 [INFO]   [SEQ] Sequence die_id_seq reset to 839
2026-08-25 16:01:28,663 [INFO]   [OK] die: 771 rows migrated
2026-08-25 16:01:28,698 [INFO] ============================================================
2026-08-25 16:01:28,703 [INFO] Migrating: production_order (599 rows)
2026-08-25 16:01:29,723 [INFO]   [SEQ] Sequence production_order_id_seq reset to 838
2026-08-25 16:01:29,728 [INFO]   [OK] production_order: 599 rows migrated
2026-08-25 16:01:29,728 [INFO] 
============================================================
2026-08-25 16:01:29,728 [INFO] PHASE 2: SEED / DERIVE NEW TABLES
2026-08-25 16:01:29,728 [INFO] ============================================================
2026-08-25 16:01:29,728 [INFO] ============================================================
2026-08-25 16:01:29,728 [INFO] Migrating: item_category (0 rows)
2026-08-25 16:01:29,728 [INFO]   Seeding: 'Sıcak İş Takım Çeliği'
2026-08-25 16:01:29,738 [INFO]   [SEQ] Sequence item_category_id_seq reset to 1
2026-08-25 16:01:29,738 [INFO]   ✅ item_category seeded (id=1)
2026-08-25 16:01:29,740 [INFO] ============================================================
2026-08-25 16:01:29,740 [INFO] Migrating: material_grade (6 rows)
2026-08-25 16:01:29,753 [INFO]   [SEQ] Sequence material_grade_id_seq reset to 6
2026-08-25 16:01:29,753 [INFO]   [OK] material_grade: 6 rows migrated
2026-08-25 16:01:29,755 [INFO] ============================================================
2026-08-25 16:01:29,755 [INFO] Migrating: location (0 rows)
2026-08-25 16:01:29,760 [INFO]   [OK] location: 0 rows migrated
2026-08-25 16:01:29,760 [INFO] 
============================================================
2026-08-25 16:01:29,760 [INFO] PHASE 3: TRANSFORMED TABLES
2026-08-25 16:01:29,760 [INFO] ============================================================
2026-08-25 16:01:29,760 [INFO] Cleaning up Phase 3 tables for re-migration...
2026-08-25 16:01:29,764 [INFO]   Deleted 1103 rows from stock_transaction
2026-08-25 16:01:29,801 [INFO]   Deleted 13421 rows from work_order_operation
2026-08-25 16:01:31,854 [INFO]   Deleted 1127 rows from work_order
2026-08-25 16:01:32,055 [INFO]   Deleted 1468 rows from die_component
2026-08-25 16:01:32,068 [INFO]   Deleted 0 WIP stock_items (RAW_MATERIAL kept)
2026-08-25 16:01:32,070 [INFO]   [OK] Phase 3 cleanup complete
2026-08-25 16:01:32,087 [INFO] ============================================================
2026-08-25 16:01:32,088 [INFO] Migrating: lot (48 rows)
2026-08-25 16:01:32,173 [INFO]   [SEQ] Sequence lot_id_seq reset to 58
2026-08-25 16:01:32,188 [INFO]   [OK] lot: 48 rows migrated
2026-08-25 16:01:32,188 [INFO] ============================================================
2026-08-25 16:01:32,188 [INFO] Migrating: stock_item (54 rows)
2026-08-25 16:01:32,457 [INFO]   [SEQ] Sequence stock_item_id_seq reset to 140
2026-08-25 16:01:32,472 [INFO]   [OK] stock_item: 54 rows migrated
2026-08-25 16:01:32,472 [INFO]   📋 Steel→Stock mapping: 54 entries
2026-08-25 16:01:32,524 [INFO] ============================================================
2026-08-25 16:01:32,529 [INFO] Migrating: die_component (1468 rows)
2026-08-25 16:01:40,928 [INFO]   [SEQ] Sequence stock_item_id_seq reset to 1608
2026-08-25 16:01:40,935 [INFO]   [SEQ] Sequence die_component_id_seq reset to 1579
2026-08-25 16:01:40,936 [INFO]   [OK] die_component: 1468 rows migrated
2026-08-25 16:01:40,936 [INFO]   [WIP] Created 1468 WIP StockItems for die_components
2026-08-25 16:01:40,936 [INFO]   [MAP] die_component→WIP mapping: 1468 entries
2026-08-25 16:01:40,981 [INFO] ============================================================
2026-08-25 16:01:40,982 [INFO] Migrating: work_order (1127 rows)
2026-08-25 16:01:43,384 [INFO]   [SEQ] Sequence work_order_id_seq reset to 1453
2026-08-25 16:01:43,393 [INFO]   [OK] work_order: 1127 rows migrated
2026-08-25 16:01:43,393 [INFO]   [LINK] 1127 work_orders linked to WIP stock_items
2026-08-25 16:01:43,950 [INFO] ============================================================
2026-08-25 16:01:43,952 [INFO] Migrating: work_order_operation (13421 rows)
2026-08-25 16:02:12,476 [INFO]   [SEQ] Sequence work_order_operation_id_seq reset to 17076
2026-08-25 16:02:12,479 [INFO]   [OK] work_order_operation: 13421 rows migrated
2026-08-25 16:02:12,519 [INFO] ============================================================
2026-08-25 16:02:12,523 [INFO] Migrating: stock_transaction (1103 rows)
2026-08-25 16:02:14,363 [INFO]   [SEQ] Sequence stock_transaction_id_seq reset to 2206
2026-08-25 16:02:14,376 [INFO]   ✅ stock_transaction: 1103 migrated, 0 skipped
2026-08-25 16:02:14,376 [INFO] ============================================================
2026-08-25 16:02:14,376 [INFO] VERIFICATION
2026-08-25 16:02:14,376 [INFO] ============================================================
2026-08-25 16:02:14,382 [INFO]   ✅ users: old=43, new=43
2026-08-25 16:02:14,385 [INFO]   ✅ files: old=797, new=797
2026-08-25 16:02:14,388 [INFO]   ✅ die_type: old=16, new=16
2026-08-25 16:02:14,390 [INFO]   ✅ operation_type: old=17, new=17
2026-08-25 16:02:14,393 [INFO]   ✅ work_center: old=28, new=28
2026-08-25 16:02:14,395 [INFO]   ✅ component_type: old=20, new=20
2026-08-25 16:02:14,397 [INFO]   ✅ supplier: old=5, new=5
2026-08-25 16:02:14,400 [INFO]   ✅ operator: old=19, new=19
2026-08-25 16:02:14,433 [INFO]   ✅ domain_action_log: old=24063, new=24063
2026-08-25 16:02:14,437 [INFO]   ✅ die_type_component: old=24, new=24
2026-08-25 16:02:14,439 [INFO]   ✅ component_bom: old=149, new=149
2026-08-25 16:02:14,442 [INFO]   ✅ die: old=771, new=771
2026-08-25 16:02:14,444 [INFO]   ✅ production_order: old=599, new=599
2026-08-25 16:02:14,447 [INFO]   ✅ work_order: old=1127, new=1127
2026-08-25 16:02:14,454 [INFO]   ✅ work_order_operation: old=13421, new=13421
2026-08-25 16:02:14,455 [INFO]   📊 item_category: 1 rows
2026-08-25 16:02:14,457 [INFO]   📊 material_grade: 6 rows
2026-08-25 16:02:14,459 [INFO]   📊 location: 0 rows
2026-08-25 16:02:14,460 [INFO]   📊 lot: 48 rows
2026-08-25 16:02:14,462 [INFO]   📊 stock_item: 1608 rows
2026-08-25 16:02:14,463 [INFO]   📊 stock_transaction: 1103 rows
2026-08-25 16:02:14,466 [INFO]   📊 die_component: 1468 rows
2026-08-25 16:02:14,466 [INFO]   ✅ die_component FK integrity: 0 orphaned stock_item_ids
2026-08-25 16:02:14,466 [INFO]   🎉 All verification checks PASSED!
2026-08-25 16:02:14,466 [INFO] 
============================================================
2026-08-25 16:02:14,466 [INFO] MIGRATION COMPLETED at 2026-08-25T13:02:14.466271+00:00
2026-08-25 16:02:14,466 [INFO] ============================================================
2026-08-25 16:08:07,798 [INFO] ============================================================
2026-08-25 16:08:07,799 [INFO] DATA MIGRATION: kaliphane → khdemo3
2026-08-25 16:08:07,799 [INFO] Started at: 2026-08-25T13:08:07.799534+00:00
2026-08-25 16:08:07,799 [INFO] ============================================================
2026-08-25 16:08:07,850 [INFO] Pre-flight: 54 steel_stock_item records found
2026-08-25 16:08:07,851 [INFO] 
============================================================
2026-08-25 16:08:07,851 [INFO] PHASE 1: DIRECT COPY TABLES
2026-08-25 16:08:07,851 [INFO] ============================================================
2026-08-25 16:08:07,856 [INFO] ============================================================
2026-08-25 16:08:07,856 [INFO] Migrating: users (43 rows)
2026-08-25 16:08:07,997 [INFO]   [SEQ] Sequence users_id_seq reset to 44
2026-08-25 16:08:07,997 [INFO]   [OK] users: 43 rows migrated
2026-08-25 16:08:08,041 [INFO] ============================================================
2026-08-25 16:08:08,041 [INFO] Migrating: files (797 rows)
2026-08-25 16:08:09,551 [INFO]   [SEQ] Sequence files_id_seq reset to 874
2026-08-25 16:08:09,552 [INFO]   [OK] files: 797 rows migrated
2026-08-25 16:08:09,554 [INFO] ============================================================
2026-08-25 16:08:09,554 [INFO] Migrating: die_type (16 rows)
2026-08-25 16:08:09,568 [INFO]   [SEQ] Sequence die_type_id_seq reset to 16
2026-08-25 16:08:09,568 [INFO]   [OK] die_type: 16 rows migrated
2026-08-25 16:08:09,582 [INFO] ============================================================
2026-08-25 16:08:09,582 [INFO] Migrating: operation_type (17 rows)
2026-08-25 16:08:09,627 [INFO]   [SEQ] Sequence operation_type_id_seq reset to 37
2026-08-25 16:08:09,633 [INFO]   [OK] operation_type: 17 rows migrated
2026-08-25 16:08:09,636 [INFO] ============================================================
2026-08-25 16:08:09,636 [INFO] Migrating: work_center (28 rows)
2026-08-25 16:08:09,677 [INFO]   [SEQ] Sequence work_center_id_seq reset to 56
2026-08-25 16:08:09,678 [INFO]   [OK] work_center: 28 rows migrated
2026-08-25 16:08:09,680 [INFO] ============================================================
2026-08-25 16:08:09,680 [INFO] Migrating: component_type (20 rows)
2026-08-25 16:08:09,728 [INFO]   [SEQ] Sequence component_type_id_seq reset to 20
2026-08-25 16:08:09,729 [INFO]   [OK] component_type: 20 rows migrated
2026-08-25 16:08:09,731 [INFO] ============================================================
2026-08-25 16:08:09,731 [INFO] Migrating: supplier (5 rows)
2026-08-25 16:08:09,743 [INFO]   [SEQ] Sequence supplier_id_seq reset to 7
2026-08-25 16:08:09,744 [INFO]   [OK] supplier: 5 rows migrated
2026-08-25 16:08:09,746 [INFO] ============================================================
2026-08-25 16:08:09,746 [INFO] Migrating: operator (19 rows)
2026-08-25 16:08:09,853 [INFO]   [SEQ] Sequence operator_id_seq reset to 20
2026-08-25 16:08:09,857 [INFO]   [OK] operator: 19 rows migrated
2026-08-25 16:08:12,903 [INFO] ============================================================
2026-08-25 16:08:12,915 [INFO] Migrating: domain_action_log (24063 rows)
2026-08-25 16:09:03,932 [INFO]   [SEQ] Sequence domain_action_log_id_seq reset to 24079
2026-08-25 16:09:03,932 [INFO]   [OK] domain_action_log: 24063 rows migrated
2026-08-25 16:09:03,976 [INFO] ============================================================
2026-08-25 16:09:03,977 [INFO] Migrating: operator_work_center (260 rows)
2026-08-25 16:09:04,511 [INFO]   [OK] operator_work_center: 260 rows migrated
2026-08-25 16:09:04,513 [INFO] ============================================================
2026-08-25 16:09:04,513 [INFO] Migrating: work_center_operation_type (28 rows)
2026-08-25 16:09:04,556 [INFO]   [OK] work_center_operation_type: 28 rows migrated
2026-08-25 16:09:04,573 [INFO] ============================================================
2026-08-25 16:09:04,574 [INFO] Migrating: die_type_component (24 rows)
2026-08-25 16:09:04,639 [INFO]   [SEQ] Sequence die_type_component_id_seq reset to 29
2026-08-25 16:09:04,639 [INFO]   [OK] die_type_component: 24 rows migrated
2026-08-25 16:09:04,645 [INFO] ============================================================
2026-08-25 16:09:04,646 [INFO] Migrating: component_bom (149 rows)
2026-08-25 16:09:04,921 [INFO]   [SEQ] Sequence component_bom_id_seq reset to 165
2026-08-25 16:09:04,922 [INFO]   [OK] component_bom: 149 rows migrated
2026-08-25 16:09:04,957 [INFO] ============================================================
2026-08-25 16:09:04,957 [INFO] Migrating: die (771 rows)
2026-08-25 16:09:06,619 [INFO]   [SEQ] Sequence die_id_seq reset to 839
2026-08-25 16:09:06,620 [INFO]   [OK] die: 771 rows migrated
2026-08-25 16:09:06,642 [INFO] ============================================================
2026-08-25 16:09:06,643 [INFO] Migrating: production_order (599 rows)
2026-08-25 16:09:07,644 [INFO]   [SEQ] Sequence production_order_id_seq reset to 838
2026-08-25 16:09:07,645 [INFO]   [OK] production_order: 599 rows migrated
2026-08-25 16:09:07,645 [INFO] 
============================================================
2026-08-25 16:09:07,645 [INFO] PHASE 2: SEED / DERIVE NEW TABLES
2026-08-25 16:09:07,645 [INFO] ============================================================
2026-08-25 16:09:07,645 [INFO] ============================================================
2026-08-25 16:09:07,646 [INFO] Migrating: item_category (0 rows)
2026-08-25 16:09:07,646 [INFO]   Seeding: 'Sıcak İş Takım Çeliği'
2026-08-25 16:09:07,648 [ERROR] [FAILED] MIGRATION FAILED: (psycopg2.errors.UndefinedColumn) column "attributes_schema" of relation "item_category" does not exist
LINE 2: ... INTO item_category (name, base_uom, is_cuttable, attributes...
                                                             ^

[SQL: 
            INSERT INTO item_category (name, base_uom, is_cuttable, attributes_schema, created_at)
            VALUES (%(name)s, %(base_uom)s, %(is_cuttable)s, CAST(%(attributes_schema)s AS jsonb), %(created_at)s)
            ON CONFLICT (name) DO NOTHING
        ]
[parameters: {'name': 'Sıcak İş Takım Çeliği', 'base_uom': 'kg', 'is_cuttable': True, 'attributes_schema': '[{"key": "diameter_mm", "label": "Çap (mm)", "type": "number"}, {"key": "length_mm", "label": "Boy (mm)", "type": "number"}, {"key": "alloy", "label": "Alaşım", "type": "text"}]', 'created_at': datetime.datetime(2026, 8, 25, 13, 9, 7, 646161, tzinfo=datetime.timezone.utc)}]
(Background on this error at: https://sqlalche.me/e/20/f405)
Traceback (most recent call last):
  File "C:\Users\beyza.ozkara\Desktop\beyza\a-new\die-shop-api\.venv\Lib\site-packages\sqlalchemy\engine\base.py", line 1967, in _exec_single_context
    self.dialect.do_execute(
  File "C:\Users\beyza.ozkara\Desktop\beyza\a-new\die-shop-api\.venv\Lib\site-packages\sqlalchemy\engine\default.py", line 951, in do_execute
    cursor.execute(statement, parameters)
psycopg2.errors.UndefinedColumn: column "attributes_schema" of relation "item_category" does not exist
LINE 2: ... INTO item_category (name, base_uom, is_cuttable, attributes...
                                                             ^


The above exception was the direct cause of the following exception:

Traceback (most recent call last):
  File "C:\Users\beyza.ozkara\Desktop\beyza\a-new\die-shop-api\migrate_kaliphane_to_khdemo3.py", line 1137, in main
    category_id = seed_item_category(new_s)
                  ^^^^^^^^^^^^^^^^^^^^^^^^^
  File "C:\Users\beyza.ozkara\Desktop\beyza\a-new\die-shop-api\migrate_kaliphane_to_khdemo3.py", line 424, in seed_item_category
    new_s.execute(
  File "C:\Users\beyza.ozkara\Desktop\beyza\a-new\die-shop-api\.venv\Lib\site-packages\sqlalchemy\orm\session.py", line 2351, in execute
    return self._execute_internal(
           ^^^^^^^^^^^^^^^^^^^^^^^
  File "C:\Users\beyza.ozkara\Desktop\beyza\a-new\die-shop-api\.venv\Lib\site-packages\sqlalchemy\orm\session.py", line 2258, in _execute_internal
    result = conn.execute(
             ^^^^^^^^^^^^^
  File "C:\Users\beyza.ozkara\Desktop\beyza\a-new\die-shop-api\.venv\Lib\site-packages\sqlalchemy\engine\base.py", line 1419, in execute
    return meth(
           ^^^^^
  File "C:\Users\beyza.ozkara\Desktop\beyza\a-new\die-shop-api\.venv\Lib\site-packages\sqlalchemy\sql\elements.py", line 526, in _execute_on_connection
    return connection._execute_clauseelement(
           ^^^^^^^^^^^^^^^^^^^^^^^^^^^^^^^^^^
  File "C:\Users\beyza.ozkara\Desktop\beyza\a-new\die-shop-api\.venv\Lib\site-packages\sqlalchemy\engine\base.py", line 1641, in _execute_clauseelement
    ret = self._execute_context(
          ^^^^^^^^^^^^^^^^^^^^^^
  File "C:\Users\beyza.ozkara\Desktop\beyza\a-new\die-shop-api\.venv\Lib\site-packages\sqlalchemy\engine\base.py", line 1846, in _execute_context
    return self._exec_single_context(
           ^^^^^^^^^^^^^^^^^^^^^^^^^^
  File "C:\Users\beyza.ozkara\Desktop\beyza\a-new\die-shop-api\.venv\Lib\site-packages\sqlalchemy\engine\base.py", line 1986, in _exec_single_context
    self._handle_dbapi_exception(
  File "C:\Users\beyza.ozkara\Desktop\beyza\a-new\die-shop-api\.venv\Lib\site-packages\sqlalchemy\engine\base.py", line 2355, in _handle_dbapi_exception
    raise sqlalchemy_exception.with_traceback(exc_info[2]) from e
  File "C:\Users\beyza.ozkara\Desktop\beyza\a-new\die-shop-api\.venv\Lib\site-packages\sqlalchemy\engine\base.py", line 1967, in _exec_single_context
    self.dialect.do_execute(
  File "C:\Users\beyza.ozkara\Desktop\beyza\a-new\die-shop-api\.venv\Lib\site-packages\sqlalchemy\engine\default.py", line 951, in do_execute
    cursor.execute(statement, parameters)
sqlalchemy.exc.ProgrammingError: (psycopg2.errors.UndefinedColumn) column "attributes_schema" of relation "item_category" does not exist
LINE 2: ... INTO item_category (name, base_uom, is_cuttable, attributes...
                                                             ^

[SQL: 
            INSERT INTO item_category (name, base_uom, is_cuttable, attributes_schema, created_at)
            VALUES (%(name)s, %(base_uom)s, %(is_cuttable)s, CAST(%(attributes_schema)s AS jsonb), %(created_at)s)
            ON CONFLICT (name) DO NOTHING
        ]
[parameters: {'name': 'Sıcak İş Takım Çeliği', 'base_uom': 'kg', 'is_cuttable': True, 'attributes_schema': '[{"key": "diameter_mm", "label": "Çap (mm)", "type": "number"}, {"key": "length_mm", "label": "Boy (mm)", "type": "number"}, {"key": "alloy", "label": "Alaşım", "type": "text"}]', 'created_at': datetime.datetime(2026, 8, 25, 13, 9, 7, 646161, tzinfo=datetime.timezone.utc)}]
(Background on this error at: https://sqlalche.me/e/20/f405)
2026-08-25 16:12:08,129 [INFO] ============================================================
2026-08-25 16:12:08,135 [INFO] DATA MIGRATION: kaliphane → khdemo3
2026-08-25 16:12:08,135 [INFO] Started at: 2026-08-25T13:12:08.135048+00:00
2026-08-25 16:12:08,135 [INFO] ============================================================
2026-08-25 16:12:08,209 [INFO] Pre-flight: 54 steel_stock_item records found
2026-08-25 16:12:08,216 [INFO] 
============================================================
2026-08-25 16:12:08,216 [INFO] PHASE 1: DIRECT COPY TABLES
2026-08-25 16:12:08,216 [INFO] ============================================================
2026-08-25 16:12:08,222 [INFO] ============================================================
2026-08-25 16:12:08,223 [INFO] Migrating: users (43 rows)
2026-08-25 16:12:08,383 [INFO]   [SEQ] Sequence users_id_seq reset to 44
2026-08-25 16:12:08,396 [INFO]   [OK] users: 43 rows migrated
2026-08-25 16:12:08,436 [INFO] ============================================================
2026-08-25 16:12:08,440 [INFO] Migrating: files (797 rows)
2026-08-25 16:12:09,797 [INFO]   [SEQ] Sequence files_id_seq reset to 874
2026-08-25 16:12:09,810 [INFO]   [OK] files: 797 rows migrated
2026-08-25 16:12:09,813 [INFO] ============================================================
2026-08-25 16:12:09,813 [INFO] Migrating: die_type (16 rows)
2026-08-25 16:12:09,837 [INFO]   [SEQ] Sequence die_type_id_seq reset to 16
2026-08-25 16:12:09,838 [INFO]   [OK] die_type: 16 rows migrated
2026-08-25 16:12:09,841 [INFO] ============================================================
2026-08-25 16:12:09,841 [INFO] Migrating: operation_type (17 rows)
2026-08-25 16:12:09,867 [INFO]   [SEQ] Sequence operation_type_id_seq reset to 37
2026-08-25 16:12:09,867 [INFO]   [OK] operation_type: 17 rows migrated
2026-08-25 16:12:09,871 [INFO] ============================================================
2026-08-25 16:12:09,871 [INFO] Migrating: work_center (28 rows)
2026-08-25 16:12:09,935 [INFO]   [SEQ] Sequence work_center_id_seq reset to 56
2026-08-25 16:12:09,940 [INFO]   [OK] work_center: 28 rows migrated
2026-08-25 16:12:09,943 [INFO] ============================================================
2026-08-25 16:12:09,943 [INFO] Migrating: component_type (20 rows)
2026-08-25 16:12:09,974 [INFO]   [SEQ] Sequence component_type_id_seq reset to 20
2026-08-25 16:12:09,975 [INFO]   [OK] component_type: 20 rows migrated
2026-08-25 16:12:09,976 [INFO] ============================================================
2026-08-25 16:12:09,976 [INFO] Migrating: supplier (5 rows)
2026-08-25 16:12:10,011 [INFO]   [SEQ] Sequence supplier_id_seq reset to 7
2026-08-25 16:12:10,012 [INFO]   [OK] supplier: 5 rows migrated
2026-08-25 16:12:10,015 [INFO] ============================================================
2026-08-25 16:12:10,015 [INFO] Migrating: operator (19 rows)
2026-08-25 16:12:10,053 [INFO]   [SEQ] Sequence operator_id_seq reset to 20
2026-08-25 16:12:10,054 [INFO]   [OK] operator: 19 rows migrated
2026-08-25 16:12:13,571 [INFO] ============================================================
2026-08-25 16:12:13,577 [INFO] Migrating: domain_action_log (24063 rows)
2026-08-25 16:13:08,848 [INFO]   [SEQ] Sequence domain_action_log_id_seq reset to 24079
2026-08-25 16:13:08,851 [INFO]   [OK] domain_action_log: 24063 rows migrated
2026-08-25 16:13:08,878 [INFO] ============================================================
2026-08-25 16:13:08,878 [INFO] Migrating: operator_work_center (260 rows)
2026-08-25 16:13:09,201 [INFO]   [OK] operator_work_center: 260 rows migrated
2026-08-25 16:13:09,211 [INFO] ============================================================
2026-08-25 16:13:09,212 [INFO] Migrating: work_center_operation_type (28 rows)
2026-08-25 16:13:09,254 [INFO]   [OK] work_center_operation_type: 28 rows migrated
2026-08-25 16:13:09,266 [INFO] ============================================================
2026-08-25 16:13:09,266 [INFO] Migrating: die_type_component (24 rows)
2026-08-25 16:13:09,289 [INFO]   [SEQ] Sequence die_type_component_id_seq reset to 29
2026-08-25 16:13:09,289 [INFO]   [OK] die_type_component: 24 rows migrated
2026-08-25 16:13:09,306 [INFO] ============================================================
2026-08-25 16:13:09,306 [INFO] Migrating: component_bom (149 rows)
2026-08-25 16:13:09,628 [INFO]   [SEQ] Sequence component_bom_id_seq reset to 165
2026-08-25 16:13:09,632 [INFO]   [OK] component_bom: 149 rows migrated
2026-08-25 16:13:09,697 [INFO] ============================================================
2026-08-25 16:13:09,701 [INFO] Migrating: die (771 rows)
2026-08-25 16:13:11,101 [INFO]   [SEQ] Sequence die_id_seq reset to 839
2026-08-25 16:13:11,101 [INFO]   [OK] die: 771 rows migrated
2026-08-25 16:13:11,130 [INFO] ============================================================
2026-08-25 16:13:11,134 [INFO] Migrating: production_order (599 rows)
2026-08-25 16:13:12,252 [INFO]   [SEQ] Sequence production_order_id_seq reset to 838
2026-08-25 16:13:12,252 [INFO]   [OK] production_order: 599 rows migrated
2026-08-25 16:13:12,257 [INFO] 
============================================================
2026-08-25 16:13:12,257 [INFO] PHASE 2: SEED / DERIVE NEW TABLES
2026-08-25 16:13:12,257 [INFO] ============================================================
2026-08-25 16:13:12,257 [INFO] ============================================================
2026-08-25 16:13:12,257 [INFO] Migrating: item_category (0 rows)
2026-08-25 16:13:12,258 [INFO]   Seeding: 'Sıcak İş Takım Çeliği'
2026-08-25 16:13:12,267 [INFO]   [SEQ] Sequence item_category_id_seq reset to 1
2026-08-25 16:13:12,267 [INFO]   ✅ item_category seeded (id=1)
2026-08-25 16:13:12,269 [INFO] ============================================================
2026-08-25 16:13:12,269 [INFO] Migrating: material_grade (6 rows)
2026-08-25 16:13:12,285 [INFO]   [SEQ] Sequence material_grade_id_seq reset to 6
2026-08-25 16:13:12,286 [INFO]   [OK] material_grade: 6 rows migrated
2026-08-25 16:13:12,287 [INFO] ============================================================
2026-08-25 16:13:12,287 [INFO] Migrating: location (0 rows)
2026-08-25 16:13:12,293 [INFO]   [OK] location: 0 rows migrated
2026-08-25 16:13:12,293 [INFO] 
============================================================
2026-08-25 16:13:12,293 [INFO] PHASE 3: TRANSFORMED TABLES
2026-08-25 16:13:12,293 [INFO] ============================================================
2026-08-25 16:13:12,293 [INFO] Cleaning up Phase 3 tables for re-migration...
2026-08-25 16:13:12,296 [INFO]   Deleted 0 rows from stock_transaction
2026-08-25 16:13:12,300 [INFO]   Deleted 0 rows from work_order_operation
2026-08-25 16:13:12,303 [INFO]   Deleted 0 rows from work_order
2026-08-25 16:13:12,321 [INFO]   Deleted 0 rows from die_component
2026-08-25 16:13:12,325 [INFO]   Deleted 0 WIP stock_items (RAW_MATERIAL kept)
2026-08-25 16:13:12,326 [INFO]   [OK] Phase 3 cleanup complete
2026-08-25 16:13:12,331 [INFO] ============================================================
2026-08-25 16:13:12,331 [INFO] Migrating: lot (48 rows)
2026-08-25 16:13:12,422 [INFO]   [SEQ] Sequence lot_id_seq reset to 58
2026-08-25 16:13:12,430 [INFO]   [OK] lot: 48 rows migrated
2026-08-25 16:13:12,430 [INFO] ============================================================
2026-08-25 16:13:12,430 [INFO] Migrating: stock_item (54 rows)
2026-08-25 16:13:12,660 [INFO]   [SEQ] Sequence stock_item_id_seq reset to 70
2026-08-25 16:13:12,664 [INFO]   [OK] stock_item: 54 rows migrated
2026-08-25 16:13:12,664 [INFO]   📋 Steel→Stock mapping: 54 entries
2026-08-25 16:13:12,705 [INFO] ============================================================
2026-08-25 16:13:12,710 [INFO] Migrating: die_component (1468 rows)
2026-08-25 16:13:23,842 [INFO]   [SEQ] Sequence stock_item_id_seq reset to 1538
2026-08-25 16:13:23,850 [INFO]   [SEQ] Sequence die_component_id_seq reset to 1579
2026-08-25 16:13:23,850 [INFO]   [OK] die_component: 1468 rows migrated
2026-08-25 16:13:23,850 [INFO]   [WIP] Created 1468 WIP StockItems for die_components
2026-08-25 16:13:23,851 [INFO]   [MAP] die_component→WIP mapping: 1468 entries
2026-08-25 16:13:23,924 [INFO] ============================================================
2026-08-25 16:13:23,928 [INFO] Migrating: work_order (1127 rows)
2026-08-25 16:13:26,604 [INFO]   [SEQ] Sequence work_order_id_seq reset to 1453
2026-08-25 16:13:26,604 [INFO]   [OK] work_order: 1127 rows migrated
2026-08-25 16:13:26,605 [INFO]   [LINK] 1127 work_orders linked to WIP stock_items
2026-08-25 16:13:27,385 [INFO] ============================================================
2026-08-25 16:13:27,385 [INFO] Migrating: work_order_operation (13421 rows)
2026-08-25 16:14:03,398 [INFO]   [SEQ] Sequence work_order_operation_id_seq reset to 17076
2026-08-25 16:14:03,398 [INFO]   [OK] work_order_operation: 13421 rows migrated
2026-08-25 16:14:03,426 [INFO] ============================================================
2026-08-25 16:14:03,431 [INFO] Migrating: stock_transaction (1103 rows)
2026-08-25 16:14:05,645 [INFO]   [SEQ] Sequence stock_transaction_id_seq reset to 1103
2026-08-25 16:14:05,659 [INFO]   ✅ stock_transaction: 1103 migrated, 0 skipped
2026-08-25 16:14:05,659 [INFO] ============================================================
2026-08-25 16:14:05,659 [INFO] VERIFICATION
2026-08-25 16:14:05,659 [INFO] ============================================================
2026-08-25 16:14:05,663 [INFO]   ✅ users: old=43, new=43
2026-08-25 16:14:05,665 [INFO]   ✅ files: old=797, new=797
2026-08-25 16:14:05,668 [INFO]   ✅ die_type: old=16, new=16
2026-08-25 16:14:05,671 [INFO]   ✅ operation_type: old=17, new=17
2026-08-25 16:14:05,680 [INFO]   ✅ work_center: old=28, new=28
2026-08-25 16:14:05,684 [INFO]   ✅ component_type: old=20, new=20
2026-08-25 16:14:05,694 [INFO]   ✅ supplier: old=5, new=5
2026-08-25 16:14:05,697 [INFO]   ✅ operator: old=19, new=19
2026-08-25 16:14:05,729 [INFO]   ✅ domain_action_log: old=24063, new=24063
2026-08-25 16:14:05,749 [INFO]   ✅ die_type_component: old=24, new=24
2026-08-25 16:14:05,756 [INFO]   ✅ component_bom: old=149, new=149
2026-08-25 16:14:05,759 [INFO]   ✅ die: old=771, new=771
2026-08-25 16:14:05,763 [INFO]   ✅ production_order: old=599, new=599
2026-08-25 16:14:05,767 [INFO]   ✅ work_order: old=1127, new=1127
2026-08-25 16:14:05,775 [INFO]   ✅ work_order_operation: old=13421, new=13421
2026-08-25 16:14:05,776 [INFO]   📊 item_category: 1 rows
2026-08-25 16:14:05,778 [INFO]   📊 material_grade: 6 rows
2026-08-25 16:14:05,779 [INFO]   📊 location: 0 rows
2026-08-25 16:14:05,781 [INFO]   📊 lot: 48 rows
2026-08-25 16:14:05,783 [INFO]   📊 stock_item: 1538 rows
2026-08-25 16:14:05,785 [INFO]   📊 stock_transaction: 1103 rows
2026-08-25 16:14:05,787 [INFO]   📊 die_component: 1468 rows
2026-08-25 16:14:05,790 [INFO]   ✅ die_component FK integrity: 0 orphaned stock_item_ids
2026-08-25 16:14:05,790 [INFO]   🎉 All verification checks PASSED!
2026-08-25 16:14:05,790 [INFO] 
============================================================
2026-08-25 16:14:05,790 [INFO] MIGRATION COMPLETED at 2026-08-25T13:14:05.790113+00:00
2026-08-25 16:14:05,790 [INFO] ============================================================
